###############################################################################
#
# IAR C/C++ Compiler V7.21.1.1000/W32 for MSP430          30/Nov/2021  21:13:10
# Copyright 1996-2021 IAR Systems AB.
# PC-locked license - IAR Embedded Workbench for MSP430, 8K KickStart Edition 7.21
#
#    __rt_version  =  3
#    __double_size =  32
#    __reg_r4      =  free
#    __reg_r5      =  free
#    __pic         =  no
#    __core        =  430X
#    __data_model  =  small
#    __code_model  =  large
#    Source file   =  
#        D:\Akshay\NCSU\4th year\Fall 2021\ECE
#        306\Project\KamalapuramSridhar_Akshay\dac_interrupts.c
#    Command line  =  
#        -f C:\Users\aku_1\AppData\Local\Temp\EW5479.tmp ("D:\Akshay\NCSU\4th
#        year\Fall 2021\ECE
#        306\Project\KamalapuramSridhar_Akshay\dac_interrupts.c" -lC
#        "D:\Akshay\NCSU\4th year\Fall 2021\ECE
#        306\Project\KamalapuramSridhar_Akshay\Debug\List" -o
#        "D:\Akshay\NCSU\4th year\Fall 2021\ECE
#        306\Project\KamalapuramSridhar_Akshay\Debug\Obj" --no_cse --no_unroll
#        --no_inline --no_code_motion --no_tbaa --debug -D__MSP430FR2355__ -e
#        --double=32 --dlib_config "C:\Program Files (x86)\IAR Systems\Embedded
#        Workbench 8.5\430\lib\dlib\dl430xlsfn.h" -I ./ --core=430X
#        --data_model=small -On --multiplier=32 --hw_workaround=CPU40
#        --code_model=large)
#    Locale        =  English_USA.1252
#    List file     =  
#        D:\Akshay\NCSU\4th year\Fall 2021\ECE
#        306\Project\KamalapuramSridhar_Akshay\Debug\List\dac_interrupts.lst
#    Object file   =  
#        D:\Akshay\NCSU\4th year\Fall 2021\ECE
#        306\Project\KamalapuramSridhar_Akshay\Debug\Obj\dac_interrupts.r43
#
###############################################################################

D:\Akshay\NCSU\4th year\Fall 2021\ECE 306\Project\KamalapuramSridhar_Akshay\dac_interrupts.c
      1          // ------------------------------------------------------------------------------
      2          //
      3          //  Description: This file contains the DAC interrupt code which is unused
      4          //
      5          //  Akshay Kamalapuram Sridhar
      6          //  Nov 2021
      7          //  Built with IAR Embedded Workbench Version: V7.21.1
      8          // ------------------------------------------------------------------------------
      9          
     10          #include  "macros.h"

  #define end (8)
          ^
"D:\Akshay\NCSU\4th year\Fall 2021\ECE 306\Project\KamalapuramSridhar_Akshay\macros.h",211  Warning[Pe047]: 
          incompatible redefinition of macro "end" (declared at line 211)
     11          #include  "msp430.h"

   \                                 In  segment DATA16_AN, at 0xc8a
   \   union <unnamed> _A_SAC0IV_L
   \                     _A_SAC0IV_L:
   \   000000                DS8 2
     12          #include  "functions.h"
     13          
     14          // The interrupt is not used
     15          #pragma vector = SAC1_SAC3_VECTOR

   \                                 In  segment ISR_CODE, align 2
     16          __interrupt void SAC3_ISR(void){
   \                     SAC3_ISR:
   \   000000   0F12         PUSH.W  R15
     17            switch(__even_in_range(SAC0IV,SACIV_4)){
   \   000002   1F428A0C     MOV.W   &0xc8a, R15
   \   000006   E00F         ADDA    R15, PC
   \                     `?<Jumptable for SAC3_ISR>_0`:
   \   000008   023C         JMP     ??SAC3_ISR_1
   \   00000A   013C         JMP     ??SAC3_ISR_1
   \   00000C   003C         JMP     ??SAC3_ISR_1
     18            case SACIV_0: break;
     19            case SACIV_2: break;
     20            case SACIV_4:
     21          //   DAC_data++;
     22          //   DAC_data &= 0xFFF;
     23          //   SAC3DAT = DAC_data;                 // DAC12 output positive ramp
     24              break;
     25            default: break;
     26            }
     27          }
   \                     ??SAC3_ISR_1:
   \   00000E   3F41         POP.W   R15
   \   000010   0013         RETI
   \   000012                REQUIRE _A_SAC0IV_L

   \                                 In  segment INTVEC, offset 0x34, root
   \                     `??SAC3_ISR::??INTVEC 52`:
   \   000034   ....         DC16    SAC3_ISR

   Maximum stack usage in bytes:

   CSTACK Function
   ------ --------
      6   SAC3_ISR


   Segment part sizes:

   Bytes  Function/Label
   -----  --------------
      18  SAC3_ISR
       2  SAC3_ISR::??INTVEC 52
       2  _A_SAC0IV_L

 
  2 bytes in segment DATA16_AN
  2 bytes in segment INTVEC
 18 bytes in segment ISR_CODE
 
 18 bytes of CODE  memory
  0 bytes of CONST memory (+ 2 bytes shared)
  0 bytes of DATA  memory (+ 2 bytes shared)

Errors: none
Warnings: 1
