Warning[w6]: Type conflict for external/entry "Init_ADC", in module main against external/entry in module ADC; prototyped function vs K&R function
  /* In module main: */
  /* K&R Function, args 0, attr 0 */
  int (__cc_version2 Init_ADC)();
  /* In module ADC: */
  /* Function, args 0, attr 0 */
  void (__cc_version2 Init_ADC)(void);
Warning[w6]: Type conflict for external/entry "Init_DAC", in module main against external/entry in module dac; prototyped function vs K&R function
  /* In module main: */
  /* K&R Function, args 0, attr 0 */
  int (__cc_version2 Init_DAC)();
  /* In module dac: */
  /* Function, args 0, attr 0 */
  void (__cc_version2 Init_DAC)(void);
Warning[w6]: Type conflict for external/entry "display_all", in module main against external/entry in module display; prototyped function vs K&R function
  /* In module main: */
  /* K&R Function, args 0, attr 0 */
  int (__cc_version2 display_all)();
  /* In module display: */
  /* Function, args 0, attr 0 */
  void (__cc_version2 display_all)(void);
Warning[w6]: Type conflict for external/entry "Iot_cycle", in module main against external/entry in module iot_commands; prototyped function vs K&R function
  /* In module main: */
  /* K&R Function, args 0, attr 0 */
  int (__cc_version2 Iot_cycle)();
  /* In module iot_commands: */
  /* Function, args 0, attr 0 */
  void (__cc_version2 Iot_cycle)(void);
Warning[w6]: Type conflict for external/entry "iot_buffer_command_type_index", in module serial_interrupts against external/entry in module iot_commands; different basic types
  /* In module serial_interrupts: */
  char iot_buffer_command_type_index;
  /* In module iot_commands: */
  unsigned int iot_buffer_command_type_index;
Warning[w6]: Type conflict for external/entry "iot_buffer_response_index", in module serial_interrupts against external/entry in module iot_commands; different basic types
  /* In module serial_interrupts: */
  char iot_buffer_response_index;
  /* In module iot_commands: */
  unsigned int iot_buffer_response_index;
Warning[w6]: Type conflict for external/entry "line_traversal", in module iot_commands against external/entry in module line_follower; prototyped function vs K&R function
  /* In module iot_commands: */
  /* K&R Function, args 0, attr 0 */
  int (__cc_version2 line_traversal)();
  /* In module line_follower: */
  /* Function, args 0, attr 0 */
  void (__cc_version2 line_traversal)(void);
Warning[w6]: Type conflict for external/entry "setThreshold", in module main against external/entry in module line_follower; prototyped function vs K&R function
  /* In module main: */
  /* K&R Function, args 0, attr 0 */
  int (__cc_version2 setThreshold)();
  /* In module line_follower: */
  /* Function, args 0, attr 0 */
  void (__cc_version2 setThreshold)(void);
Warning[w6]: Type conflict for external/entry "Init_Serial_UCA0", in module main against external/entry in module serial; prototyped function vs K&R function
  /* In module main: */
  /* K&R Function, args 0, attr 0 */
  int (__cc_version2 Init_Serial_UCA0)();
  /* In module serial: */
  /* Function, args 0, attr 0 */
  void (__cc_version2 Init_Serial_UCA0)(void);
Warning[w6]: Type conflict for external/entry "Init_Serial_UCA1", in module main against external/entry in module serial; prototyped function vs K&R function
  /* In module main: */
  /* K&R Function, args 0, attr 0 */
  int (__cc_version2 Init_Serial_UCA1)();
  /* In module serial: */
  /* Function, args 0, attr 0 */
  void (__cc_version2 Init_Serial_UCA1)(void);
Warning[w6]: Type conflict for external/entry "iot_rx_rd", in module serial against external/entry in module serial_interrupts; types have different type attributes
  /* In module serial: */
  unsigned int volatile iot_rx_rd;
  /* In module serial_interrupts: */
  unsigned int iot_rx_rd;
Warning[w6]: Type conflict for external/entry "usb_rx_rd", in module serial against external/entry in module serial_interrupts; types have different type attributes
  /* In module serial: */
  unsigned int volatile usb_rx_rd;
  /* In module serial_interrupts: */
  unsigned int usb_rx_rd;
Warning[w6]: Type conflict for external/entry "wait", in module iot_commands against external/entry in module timers; prototyped function vs K&R function
  /* In module iot_commands: */
  /* K&R Function, args 0, attr 0 */
  int (__cc_version2 wait)();
  /* In module timers: */
  /* Function, args 1, attr 0 */
  void (__cc_version2 wait)(int);
Warning[w6]: Type conflict for external/entry "forward_timed", in module line_follower against external/entry in module wheels; prototyped function vs K&R function
  /* In module line_follower: */
  /* K&R Function, args 0, attr 0 */
  int (__cc_version2 forward_timed)();
  /* In module wheels: */
  /* Function, args 1, attr 0 */
  void (__cc_version2 forward_timed)(int);
Warning[w6]: Type conflict for external/entry "move_forward", in module line_follower against external/entry in module wheels; prototyped function vs K&R function
  /* In module line_follower: */
  /* K&R Function, args 0, attr 0 */
  int (__cc_version2 move_forward)();
  /* In module wheels: */
  /* Function, args 1, attr 0 */
  void (__cc_version2 move_forward)(unsigned int);
Warning[w6]: Type conflict for external/entry "movement", in module iot_commands against external/entry in module wheels; prototyped function vs K&R function
  /* In module iot_commands: */
  /* K&R Function, args 0, attr 0 */
  int (__cc_version2 movement)();
  /* In module wheels: */
  /* Function, args 2, attr 0 */
  void (__cc_version2 movement)(char,
                                char);
Warning[w6]: Type conflict for external/entry "stop_all_motors", in module iot_commands against external/entry in module wheels; prototyped function vs K&R function
  /* In module iot_commands: */
  /* K&R Function, args 0, attr 0 */
  int (__cc_version2 stop_all_motors)();
  /* In module wheels: */
  /* Function, args 0, attr 0 */
  void (__cc_version2 stop_all_motors)(void);
Warning[w6]: Type conflict for external/entry "turn_both", in module line_follower against external/entry in module wheels; prototyped function vs K&R function
  /* In module line_follower: */
  /* K&R Function, args 0, attr 0 */
  int (__cc_version2 turn_both)();
  /* In module wheels: */
  /* Function, args 1, attr 0 */
  void (__cc_version2 turn_both)(unsigned int);
Warning[w6]: Type conflict for external/entry "turn_left", in module line_follower against external/entry in module wheels; prototyped function vs K&R function
  /* In module line_follower: */
  /* K&R Function, args 0, attr 0 */
  int (__cc_version2 turn_left)();
  /* In module wheels: */
  /* Function, args 1, attr 0 */
  void (__cc_version2 turn_left)(unsigned int);
Warning[w6]: Type conflict for external/entry "turn_right", in module line_follower against external/entry in module wheels; prototyped function vs K&R function
  /* In module line_follower: */
  /* K&R Function, args 0, attr 0 */
  int (__cc_version2 turn_right)();
  /* In module wheels: */
  /* Function, args 1, attr 0 */
  void (__cc_version2 turn_right)(unsigned int);
Warning[w6]: Type conflict for external/entry "turn_right_timed", in module line_follower against external/entry in module wheels; prototyped function vs K&R function
  /* In module line_follower: */
  /* K&R Function, args 0, attr 0 */
  int (__cc_version2 turn_right_timed)();
  /* In module wheels: */
  /* Function, args 1, attr 0 */
  void (__cc_version2 turn_right_timed)(int);
Warning[w6]: Type conflict for external/entry "strcpy", in module line_follower against external/entry in module ?strcpy; prototyped function vs K&R function
  /* In module line_follower: */
  /* K&R Function, args 0, attr 0 */
  int (__cc_version2 strcpy)();
  /* In module ?strcpy: */
  /* Function, args 2, attr 0 */
  char * (__cc_version2 strcpy)(char *,
                                char const *);
Warning[w6]: Type conflict for external/entry "strcpy", in module display against external/entry in module ?strcpy; prototyped function vs K&R function
  /* In module display: */
  /* K&R Function, args 0, attr 0 */
  int (__cc_version2 strcpy)();
  /* In module ?strcpy: */
  /* Function, args 2, attr 0 */
  char * (__cc_version2 strcpy)(char *,
                                char const *);
################################################################################
#                                                                              #
#      IAR Universal Linker V6.6.2.104                                         #
#                                                                              #
#           Link time     =  30/Nov/2021  21:13:12                             #
#           Target CPU    =  MSP430                                            #
#           List file     =  "D:\Akshay\NCSU\4th year\Fall 2021\ECE 306\Projec #
#                            t\KamalapuramSridhar_Akshay\Debug\List\Project10. #
#                            map"                                              #
#           Output file 1 =  "D:\Akshay\NCSU\4th year\Fall 2021\ECE 306\Projec #
#                            t\KamalapuramSridhar_Akshay\Debug\Exe\Project10.d #
#                            43"                                               #
#                            Format: ubrof10                                   #
#                            UBROF version 10.0.6                              #
#                            Using library modules for C-SPY (-rt)             #
#           Command line  =  -f C:\Users\aku_1\AppData\Local\Temp\EW5C48.tmp   #
#                            ("D:\Akshay\NCSU\4th year\Fall 2021\ECE 306\Proje #
#                            ct\KamalapuramSridhar_Akshay\Debug\Obj\ADC.r43"   #
#                            "D:\Akshay\NCSU\4th year\Fall 2021\ECE 306\Projec #
#                            t\KamalapuramSridhar_Akshay\Debug\Obj\adc_interru #
#                            pts.r43"                                          #
#                            "D:\Akshay\NCSU\4th year\Fall 2021\ECE 306\Projec #
#                            t\KamalapuramSridhar_Akshay\Debug\Obj\clocks.r43" #
#                            "D:\Akshay\NCSU\4th year\Fall 2021\ECE 306\Projec #
#                            t\KamalapuramSridhar_Akshay\Debug\Obj\dac.r43"    #
#                            "D:\Akshay\NCSU\4th year\Fall 2021\ECE 306\Projec #
#                            t\KamalapuramSridhar_Akshay\Debug\Obj\dac_interru #
#                            pts.r43"                                          #
#                            "D:\Akshay\NCSU\4th year\Fall 2021\ECE 306\Projec #
#                            t\KamalapuramSridhar_Akshay\Debug\Obj\display.r43 #
#                            "                                                 #
#                            "D:\Akshay\NCSU\4th year\Fall 2021\ECE 306\Projec #
#                            t\KamalapuramSridhar_Akshay\Debug\Obj\init.r43"   #
#                            "D:\Akshay\NCSU\4th year\Fall 2021\ECE 306\Projec #
#                            t\KamalapuramSridhar_Akshay\Debug\Obj\iot_command #
#                            s.r43"                                            #
#                            "D:\Akshay\NCSU\4th year\Fall 2021\ECE 306\Projec #
#                            t\KamalapuramSridhar_Akshay\Compiled\LCD.r43"     #
#                            "D:\Akshay\NCSU\4th year\Fall 2021\ECE 306\Projec #
#                            t\KamalapuramSridhar_Akshay\Debug\Obj\led.r43"    #
#                            "D:\Akshay\NCSU\4th year\Fall 2021\ECE 306\Projec #
#                            t\KamalapuramSridhar_Akshay\Debug\Obj\line_follow #
#                            er.r43"                                           #
#                            "D:\Akshay\NCSU\4th year\Fall 2021\ECE 306\Projec #
#                            t\KamalapuramSridhar_Akshay\Debug\Obj\main.r43"   #
#                            "D:\Akshay\NCSU\4th year\Fall 2021\ECE 306\Projec #
#                            t\KamalapuramSridhar_Akshay\Debug\Obj\ports.r43"  #
#                            "D:\Akshay\NCSU\4th year\Fall 2021\ECE 306\Projec #
#                            t\KamalapuramSridhar_Akshay\Debug\Obj\serial.r43" #
#                            "D:\Akshay\NCSU\4th year\Fall 2021\ECE 306\Projec #
#                            t\KamalapuramSridhar_Akshay\Debug\Obj\serial_inte #
#                            rrupts.r43"                                       #
#                            "D:\Akshay\NCSU\4th year\Fall 2021\ECE 306\Projec #
#                            t\KamalapuramSridhar_Akshay\Debug\Obj\switches_in #
#                            terrupts.r43"                                     #
#                            "D:\Akshay\NCSU\4th year\Fall 2021\ECE 306\Projec #
#                            t\KamalapuramSridhar_Akshay\Debug\Obj\system.r43" #
#                            "D:\Akshay\NCSU\4th year\Fall 2021\ECE 306\Projec #
#                            t\KamalapuramSridhar_Akshay\Debug\Obj\timers.r43" #
#                            "D:\Akshay\NCSU\4th year\Fall 2021\ECE 306\Projec #
#                            t\KamalapuramSridhar_Akshay\Debug\Obj\timers_inte #
#                            rrupts.r43"                                       #
#                            "D:\Akshay\NCSU\4th year\Fall 2021\ECE 306\Projec #
#                            t\KamalapuramSridhar_Akshay\Debug\Obj\wheels.r43" #
#                            -o                                                #
#                            "D:\Akshay\NCSU\4th year\Fall 2021\ECE 306\Projec #
#                            t\KamalapuramSridhar_Akshay\Debug\Exe\Project10.d #
#                            43"                                               #
#                            -l                                                #
#                            "D:\Akshay\NCSU\4th year\Fall 2021\ECE 306\Projec #
#                            t\KamalapuramSridhar_Akshay\Debug\List\Project10. #
#                            map"                                              #
#                            -xesni                                            #
#                            "-IC:\Program Files (x86)\IAR Systems\Embedded Wo #
#                            rkbench 8.5\430\LIB\\"                            #
#                            -f                                                #
#                            "C:\Program Files (x86)\IAR Systems\Embedded Work #
#                            bench 8.5\430\config\linker\lnk430fr2355.xcl"     #
#                            (-cmsp430 -QCODE_I=CODE_ID -QTLS16_I=TLS16_ID     #
#                            -D__iar_HWMUL=4C0 -Z(CONST)INFO=1800-19FF         #
#                            -Z(DATA)TINYRAM=0006-001F                         #
#                            -Z(DATA)DATA16_I,DATA16_Z,DATA16_N,TLS16_I=2000-2 #
#                            FFF                                               #
#                            -Z(DATA)CODE_I                                    #
#                            -Z(DATA)DATA20_I,DATA20_Z,DATA20_N                #
#                            -Z(DATA)CSTACK+_STACK_SIZE#                       #
#                            -Z(CONST)FRWP_B1,DATA16_P,DATA20_P=8000-FF7F      #
#                            -Z(DATA)DATA16_HEAP+_DATA16_HEAP_SIZE,DATA20_HEAP #
#                            +_DATA20_HEAP_SIZE,FRWP_B2                        #
#                            -Z(CONST)DATA16_C,DATA16_ID,TLS16_ID,DIFUNCT,CHEC #
#                            KSUM=8000-FF7F                                    #
#                            -Z(CONST)DATA20_C,DATA20_ID                       #
#                            -Z(CODE)CSTART,ISR_CODE,CODE_ID=8000-FF7F         #
#                            -P(CODE)CODE,CODE16=8000-FF7F                     #
#                            -Z(CONST)BSLCONFIGURATIONSIGNATURE=FF88-FF89      #
#                            -Z(CONST)BSLCONFIGURATION=FF8A-FF8B               #
#                            -Z(CONST)BSLI2CADDRESS=FFA0-FFA1                  #
#                            -Z(CONST)JTAGSIGNATURE=FF80-FF83                  #
#                            -Z(CONST)BSLSIGNATURE=FF84-FF87                   #
#                            -Z(CODE)INTVEC=FFA2-FFFF                          #
#                            -Z(CODE)RESET=FFFE-FFFF) -f                       #
#                            "C:\Program Files (x86)\IAR Systems\Embedded Work #
#                            bench 8.5\430\config\linker\multiplier32.xcl"     #
#                            (-e?Mul8Hw=?Mul8 -e?Mul16Hw=?Mul16                #
#                            -e?Mul16to32uHw=?Mul16to32u                       #
#                            -e?Mul16to32sHw=?Mul16to32s -e?Mul32Hw32=?Mul32   #
#                            -e?Mul64Hw32=_Mul64i                              #
#                            -e?Mul32u32uto64iHw32=_Mul32u32uto64i             #
#                            -e?Mul32fHw32=_Mul32f                             #
#                            -e_Mul64fHw32Ptr=_Mul64fPtr) -D_STACK_SIZE=A0     #
#                            -rt                                               #
#                            "C:\Program Files (x86)\IAR Systems\Embedded Work #
#                            bench 8.5\430\lib\dlib\dl430xlsfn.r43"            #
#                            -e_PrintfLarge=_Printf -e_ScanfLarge=_Scanf       #
#                            -D_DATA16_HEAP_SIZE=A0 -s __program_start         #
#                            -D_DATA20_HEAP_SIZE=50)                           #
#                                                                              #
#                           Copyright (C) 1987-2019 IAR Systems AB.            #
################################################################################





                ****************************************
                *                                      *
                *           CROSS REFERENCE            *
                *                                      *
                ****************************************

       Program entry at :           8172  Relocatable, from module : ?cstart




                ****************************************
                *                                      *
                *            RUNTIME MODEL             *
                *                                      *
                ****************************************

  __Heap_Handler             = Basic
  __SystemLibrary            = DLib
  __code_model               = large
  __core                     = 430X
  __data_model               = small
  __dlib_file_descriptor     = 0
  __dlib_full_locale_support = 0
  __double_size              = 32
  __pic                      = no
  __reg_r4                   = free
  __reg_r5                   = free
  __rt_version               = 3

                ****************************************
                *                                      *
                *    AUTOMATIC SYMBOL REDIRECTIONS     *
                *                                      *
                ****************************************

                  There are no automatic symbol redirections.

                ****************************************
                *                                      *
                *              ENTRY LIST              *
                *                                      *
                ****************************************

Module  Entry                                Address
------  -----                                -------
?FILLER_BYTES
?ABS_ENTRY_MOD
        _DATA20_HEAP_SIZE                     0050
        _DATA16_HEAP_SIZE                     00A0
        _STACK_SIZE                           00A0
        __iar_HWMUL                           04C0
ADC ( D:\Akshay\NCSU\4th year\Fall 2021\ECE 306\Project\KamalapuramSridhar_Akshay\Debug\Obj\ADC.r43 )
        _A_ADCCTL0_L                          0700
        _A_ADCCTL1_L                          0702
        _A_ADCCTL2_L                          0704
        _A_ADCMCTL0_L                         070A
        _A_ADCIE_L                            071A
        Init_ADC                              945A
        ?setjmp_save_r4                       NOT NEEDED
        ?setjmp_save_r5                       NOT NEEDED
        ADCCTL0                               0700
        ADCCTL0_H                             0701
        ADCCTL0_L                             0700
        ADCCTL1                               0702
        ADCCTL1_H                             0703
        ADCCTL1_L                             0702
        ADCCTL2                               0704
        ADCCTL2_H                             0705
        ADCCTL2_L                             0704
        ADCMCTL0                              070A
        ADCMCTL0_H                            070B
        ADCMCTL0_L                            070A
        ADCIE                                 071A
        ADCIE_H                               071B
        ADCIE_L                               071A
adc_interrupts ( D:\Akshay\NCSU\4th year\Fall 2021\ECE 306\Project\KamalapuramSridhar_Akshay\Debug\Obj\adc_interrupts.r43 )
        _A_ADCCTL0_L                          NOT NEEDED
        _A_ADCMCTL0_L                         NOT NEEDED
        _A_ADCMEM0_L                          0712
        _A_ADCIV_L                            071E
        ADC_Channel                           2032
        ADC_Left_Detect                       2034
        ADC_Right_Detect                      2036
        ADC_ThumbWheel_Detect                 2038
        adc_value_count                       203A
        left_value                            203C
        right_value                           203E
        left_detector_avg                     2040
        right_detector_avg                    2042
        ADC_Left_Detect_flag                  2044
        ADC_Right_Detect_flag                 2046
        ADC_ISR                               819A
        ADC_ISR::??INTVEC 58                  FFDC
        ?setjmp_save_r4                       NOT NEEDED
        ?setjmp_save_r5                       NOT NEEDED
        ADCCTL0                               0700
        ADCCTL0_H                             0701
        ADCCTL0_L                             0700
        ADCMCTL0                              070A
        ADCMCTL0_H                            070B
        ADCMCTL0_L                            070A
        ADCMEM0                               0712
        ADCMEM0_H                             0713
        ADCMEM0_L                             0712
        ADCIV                                 071E
        ADCIV_H                               071F
        ADCIV_L                               071E
clocks ( D:\Akshay\NCSU\4th year\Fall 2021\ECE 306\Project\KamalapuramSridhar_Akshay\Debug\Obj\clocks.r43 )
        _A_CSCTL0_L                           0180
        _A_CSCTL1_L                           0182
        _A_CSCTL2_L                           0184
        _A_CSCTL3_L                           0186
        _A_CSCTL4_L                           0188
        _A_CSCTL5_L                           018A
        _A_CSCTL7_L                           018E
        _A_PM5CTL0_L                          0130
        _A_SFRIFG1_L                          0102
        _A_WDTCTL_L                           01CC
        Init_Clocks                           94C8
        Software_Trim                         8D7C
        ?setjmp_save_r4                       NOT NEEDED
        ?setjmp_save_r5                       NOT NEEDED
        CSCTL0                                0180
        CSCTL0_H                              0181
        CSCTL0_L                              0180
        CSCTL1                                0182
        CSCTL1_H                              0183
        CSCTL1_L                              0182
        CSCTL2                                0184
        CSCTL2_H                              0185
        CSCTL2_L                              0184
        CSCTL3                                0186
        CSCTL3_H                              0187
        CSCTL3_L                              0186
        CSCTL4                                0188
        CSCTL4_H                              0189
        CSCTL4_L                              0188
        CSCTL5                                018A
        CSCTL5_H                              018B
        CSCTL5_L                              018A
        CSCTL7                                018E
        CSCTL7_H                              018F
        CSCTL7_L                              018E
        PM5CTL0                               0130
        PM5CTL0_H                             0131
        PM5CTL0_L                             0130
        SFRIFG1                               0102
        SFRIFG1_H                             0103
        SFRIFG1_L                             0102
        WDTCTL                                01CC
        WDTCTL_H                              01CD
        WDTCTL_L                              01CC
dac ( D:\Akshay\NCSU\4th year\Fall 2021\ECE 306\Project\KamalapuramSridhar_Akshay\Debug\Obj\dac.r43 )
        _A_PBOUT_L                            0222
        _A_PBDIR_L                            0224
        _A_PBSELC_L                           0236
        _A_SAC3OA_L                           0CB0
        _A_SAC3PGA_L                          0CB2
        _A_SAC3DAC_L                          0CB4
        _A_SAC3DAT_L                          0CB6
        DAC_data                              2048
        Init_DAC                              952E
        ?setjmp_save_r4                       NOT NEEDED
        ?setjmp_save_r5                       NOT NEEDED
        PBOUT                                 0222
        PBOUT_H                               0223
        PBOUT_L                               0222
        PBDIR                                 0224
        PBDIR_H                               0225
        PBDIR_L                               0224
        PBSELC                                0236
        PBSELC_H                              0237
        PBSELC_L                              0236
        SAC3OA                                0CB0
        SAC3OA_H                              0CB1
        SAC3OA_L                              0CB0
        SAC3PGA                               0CB2
        SAC3PGA_H                             0CB3
        SAC3PGA_L                             0CB2
        SAC3DAC                               0CB4
        SAC3DAC_H                             0CB5
        SAC3DAC_L                             0CB4
        SAC3DAT                               0CB6
        SAC3DAT_H                             0CB7
        SAC3DAT_L                             0CB6
dac_interrupts ( D:\Akshay\NCSU\4th year\Fall 2021\ECE 306\Project\KamalapuramSridhar_Akshay\Debug\Obj\dac_interrupts.r43 )
        _A_SAC0IV_L                           0C8A
        SAC3_ISR                              827A
        SAC3_ISR::??INTVEC 52                 FFD6
        ?setjmp_save_r4                       NOT NEEDED
        ?setjmp_save_r5                       NOT NEEDED
        SAC0IV                                0C8A
        SAC0IV_H                              0C8B
        SAC0IV_L                              0C8A
display ( D:\Akshay\NCSU\4th year\Fall 2021\ECE 306\Project\KamalapuramSridhar_Akshay\Debug\Obj\display.r43 )
        adc_char                              20AC
        current_time_arr                      20B0
        dot                                   NOT NEEDED
        display_all                           99CC
        Display_Process                       9A8A
        displayADC                            8F2C
        displayInitialIOTDetails              8E56
        displayIOTDetails                     8B42
        HEXtoBCD                              93E2
        ?setjmp_save_r4                       NOT NEEDED
        ?setjmp_save_r5                       NOT NEEDED
init ( D:\Akshay\NCSU\4th year\Fall 2021\ECE 306\Project\KamalapuramSridhar_Akshay\Debug\Obj\init.r43 )
        Init_Conditions                       9760
        ?setjmp_save_r4                       NOT NEEDED
        ?setjmp_save_r5                       NOT NEEDED
iot_commands ( D:\Akshay\NCSU\4th year\Fall 2021\ECE 306\Project\KamalapuramSridhar_Akshay\Debug\Obj\iot_commands.r43 )
        _A_UCA0IE_L                           051A
        command                               204A
        high_flag                             204C
        i                                     204E
        previous_state                        2050
        iot_initialized                       2052
        exit_flag                             2054
        custom_command_received               2056
        command_received_internal             2058
        campus_profile_command                200A
        reset_command                         2012
        tcp_server_command                    201F
        campus_profile_response               20B4
        reset_response                        20E6
        tcp_server_response                   217C
        tcp_client_connect_response           2212
        custom_command_response               2244
        command_check_flag                    205A
        response_buffer                       2000
        iot_buffer_command_type_index         205C
        iot_buffer_response_index             205E
        ip_address                            2267
        direction                             2274
        duration                              2275
        current_command                       2276
        response_handler                      85A6
        Iot_cycle                             894A
        ?setjmp_save_r4                       NOT NEEDED
        ?setjmp_save_r5                       NOT NEEDED
        UCA0IE                                051A
        UCA0IE_H                              051B
        UCA0IE_L                              051A
LCD ( D:\Akshay\NCSU\4th year\Fall 2021\ECE 306\Project\KamalapuramSridhar_Akshay\Compiled\LCD.r43 )
        _A_PBOUT_L                            NOT NEEDED
        _A_TB0CCTL2_L                         0386
        _A_TB0CCR2_L                          0396
        _A_UCB1CTLW0_L                        05C0
        _A_UCB1BRW_L                          05C6
        _A_UCB1RXBUF_L                        05CC
        _A_UCB1TXBUF_L                        05CE
        _A_UCB1IFG_L                          05EC
        current_character                     2280
        update_display_count                  NOT NEEDED
        display_update_time                   NOT NEEDED
        update_display                        2281
        display_changed                       2282
        lcd_control                           NOT NEEDED
        display_line                          2283
        display                               2060
        posi_L1                               NOT NEEDED
        posi_L2                               NOT NEEDED
        posi_L3                               NOT NEEDED
        posi_L4                               NOT NEEDED
        lcd_orient                            NOT NEEDED
        char_count                            NOT NEEDED
        current_line                          NOT NEEDED
        LCD_test                              NOT NEEDED
        spi_chipselect_idle                   9C30
        spi_chipselect_active                 9C92
        spi_reset_idle                        9CD8
        spi_reset_active                      9CD2
        Display_Update                        9846
        enable_display_update                 9C84
        update_string                         NOT NEEDED
        Init_LCD                              90A6
        lcd_4line                             NOT NEEDED
        lcd_BIG_mid                           9ACC
        lcd_BIG_bot                           NOT NEEDED
        lcd_180                               NOT NEEDED
        lcd_out                               9A44
        lcd_puts                              NOT NEEDED
        WriteIns                              9A1C
        WriteData                             99F4
        CheckBusy                             NOT NEEDED
        ClrDisplay                            9B4E
        ClrDisplay_Buffer_0                   9BCE
        ClrDisplay_Buffer_1                   9BF6
        ClrDisplay_Buffer_2                   9C0A
        ClrDisplay_Buffer_3                   9BBA
        SetPostion                            NOT NEEDED
        DisplayOnOff                          9BE2
        Init_SPI_B1                           998E
        SPI_B1_write                          9AEA
        ?setjmp_save_r4                       NOT NEEDED
        ?setjmp_save_r5                       NOT NEEDED
        PBOUT                                 0222
        PBOUT_H                               0223
        PBOUT_L                               0222
        TB0CCTL2                              0386
        TB0CCTL2_H                            0387
        TB0CCTL2_L                            0386
        TB0CCR2                               0396
        TB0CCR2_H                             0397
        TB0CCR2_L                             0396
        UCB1CTLW0                             05C0
        UCB1CTLW0_H                           05C1
        UCB1CTLW0_L                           05C0
        UCB1BRW                               05C6
        UCB1BRW_H                             05C7
        UCB1BRW_L                             05C6
        UCB1RXBUF                             05CC
        UCB1RXBUF_H                           05CD
        UCB1RXBUF_L                           05CC
        UCB1TXBUF                             05CE
        UCB1TXBUF_H                           05CF
        UCB1TXBUF_L                           05CE
        UCB1IFG                               05EC
        UCB1IFG_H                             05ED
        UCB1IFG_L                             05EC
led ( D:\Akshay\NCSU\4th year\Fall 2021\ECE 306\Project\KamalapuramSridhar_Akshay\Debug\Obj\led.r43 )
        _A_PAOUT_L                            0202
        _A_PCOUT_L                            0242
        Init_LEDs                             NOT NEEDED
        ?setjmp_save_r4                       NOT NEEDED
        ?setjmp_save_r5                       NOT NEEDED
        PAOUT                                 0202
        PAOUT_H                               0203
        PAOUT_L                               0202
        PCOUT                                 0242
        PCOUT_H                               0243
        PCOUT_L                               0242
line_follower ( D:\Akshay\NCSU\4th year\Fall 2021\ECE 306\Project\KamalapuramSridhar_Akshay\Debug\Obj\line_follower.r43 )
        sw2_press_count                       2068
        traverse_state                        206A
        assign_black_value                    206C
        black_border_value                    206E
        turn_left_flag                        2070
        display_calibration_flag              2072
        circle_timer_flag                     2074
        line_follower_state                   2076
        line_traversal                        8C62
        setThreshold                          9950
        intercept_line                        988C
        turn_2                                NOT NEEDED
        turn_time                             NOT NEEDED
        forward_time                          NOT NEEDED
        intercept_turn                        98CE
        follow_black_line                     8FEC
        turn_towards_center                   9AAC
        move_towards_center                   9A68
        ?setjmp_save_r4                       NOT NEEDED
        ?setjmp_save_r5                       NOT NEEDED
main ( D:\Akshay\NCSU\4th year\Fall 2021\ECE 306\Project\KamalapuramSridhar_Akshay\Debug\Obj\main.r43 )
        _A_PM5CTL0_L                          NOT NEEDED
        slow_input_down                       NOT NEEDED
        Time_Sequence                         2078
        Movement_Timer                        207A
        Counter_Timer                         207C
        Circle_Timer                          207E
        main                                  91DA
        ?setjmp_save_r4                       NOT NEEDED
        ?setjmp_save_r5                       NOT NEEDED
        PM5CTL0                               0130
        PM5CTL0_H                             0131
        PM5CTL0_L                             0130
ports ( D:\Akshay\NCSU\4th year\Fall 2021\ECE 306\Project\KamalapuramSridhar_Akshay\Debug\Obj\ports.r43 )
        _A_PAOUT_L                            NOT NEEDED
        _A_PADIR_L                            0204
        _A_PAREN_L                            0206
        _A_PASEL0_L                           020A
        _A_PASEL1_L                           020C
        _A_PAIES_L                            0218
        _A_PAIE_L                             021A
        _A_PAIFG_L                            021C
        _A_PBOUT_L                            NOT NEEDED
        _A_PBDIR_L                            NOT NEEDED
        _A_PBREN_L                            0226
        _A_PBSEL0_L                           022A
        _A_PBSEL1_L                           022C
        _A_PBIES_L                            0238
        _A_PBIE_L                             023A
        _A_PBIFG_L                            023C
        _A_PCOUT_L                            NOT NEEDED
        _A_PCDIR_L                            0244
        _A_PCSEL0_L                           024A
        _A_PCSEL1_L                           024C
        Init_Port_1                           9592
        Init_Port_2                           9142
        Init_Port_3                           9368
        Init_Port_4                           9266
        Init_Port_5                           970C
        Init_Port_6                           92EC
        Init_Ports                            9B06
        ?setjmp_save_r4                       NOT NEEDED
        ?setjmp_save_r5                       NOT NEEDED
        PAOUT                                 0202
        PAOUT_H                               0203
        PAOUT_L                               0202
        PADIR                                 0204
        PADIR_H                               0205
        PADIR_L                               0204
        PAREN                                 0206
        PAREN_H                               0207
        PAREN_L                               0206
        PASEL0                                020A
        PASEL0_H                              020B
        PASEL0_L                              020A
        PASEL1                                020C
        PASEL1_H                              020D
        PASEL1_L                              020C
        PAIES                                 0218
        PAIES_H                               0219
        PAIES_L                               0218
        PAIE                                  021A
        PAIE_H                                021B
        PAIE_L                                021A
        PAIFG                                 021C
        PAIFG_H                               021D
        PAIFG_L                               021C
        PBOUT                                 0222
        PBOUT_H                               0223
        PBOUT_L                               0222
        PBDIR                                 0224
        PBDIR_H                               0225
        PBDIR_L                               0224
        PBREN                                 0226
        PBREN_H                               0227
        PBREN_L                               0226
        PBSEL0                                022A
        PBSEL0_H                              022B
        PBSEL0_L                              022A
        PBSEL1                                022C
        PBSEL1_H                              022D
        PBSEL1_L                              022C
        PBIES                                 0238
        PBIES_H                               0239
        PBIES_L                               0238
        PBIE                                  023A
        PBIE_H                                023B
        PBIE_L                                023A
        PBIFG                                 023C
        PBIFG_H                               023D
        PBIFG_L                               023C
        PCOUT                                 0242
        PCOUT_H                               0243
        PCOUT_L                               0242
        PCDIR                                 0244
        PCDIR_H                               0245
        PCDIR_L                               0244
        PCSEL0                                024A
        PCSEL0_H                              024B
        PCSEL0_L                              024A
        PCSEL1                                024C
        PCSEL1_H                              024D
        PCSEL1_L                              024C
serial ( D:\Akshay\NCSU\4th year\Fall 2021\ECE 306\Project\KamalapuramSridhar_Akshay\Debug\Obj\serial.r43 )
        _A_UCA0CTLW0_L                        0500
        _A_UCA0BRW_L                          0506
        _A_UCA0MCTLW_L                        0508
        _A_UCA0IE_L                           NOT NEEDED
        _A_UCA1CTLW0_L                        0580
        _A_UCA1BRW_L                          0586
        _A_UCA1MCTLW_L                        0588
        _A_UCA1IE_L                           059A
        Init_Serial_UCA0                      95F4
        Init_Serial_UCA1                      9652
        ?setjmp_save_r4                       NOT NEEDED
        ?setjmp_save_r5                       NOT NEEDED
        UCA0CTLW0                             0500
        UCA0CTLW0_H                           0501
        UCA0CTLW0_L                           0500
        UCA0BRW                               0506
        UCA0BRW_H                             0507
        UCA0BRW_L                             0506
        UCA0MCTLW                             0508
        UCA0MCTLW_H                           0509
        UCA0MCTLW_L                           0508
        UCA0IE                                051A
        UCA0IE_H                              051B
        UCA0IE_L                              051A
        UCA1CTLW0                             0580
        UCA1CTLW0_H                           0581
        UCA1CTLW0_L                           0580
        UCA1BRW                               0586
        UCA1BRW_H                             0587
        UCA1BRW_L                             0586
        UCA1MCTLW                             0588
        UCA1MCTLW_H                           0589
        UCA1MCTLW_L                           0588
        UCA1IE                                059A
        UCA1IE_H                              059B
        UCA1IE_L                              059A
serial_interrupts ( D:\Akshay\NCSU\4th year\Fall 2021\ECE 306\Project\KamalapuramSridhar_Akshay\Debug\Obj\serial_interrupts.r43 )
        _A_UCA0RXBUF_L                        050C
        _A_UCA0TXBUF_L                        050E
        _A_UCA0IE_L                           NOT NEEDED
        _A_UCA0IV_L                           051E
        _A_UCA1RXBUF_L                        058C
        _A_UCA1TXBUF_L                        058E
        _A_UCA1IE_L                           NOT NEEDED
        _A_UCA1IV_L                           059E
        process_buffer0                       22AF
        pb0_index                             22C8
        IOT_2_PC                              22C9
        iot_write_index                       2080
        iot_rx_wr                             2082
        iot_rx_rd                             2084
        process_buffer1                       22D3
        pb1_index                             22EC
        PC_2_IOT                              22ED
        usb_write_index                       2086
        usb_rx_wr                             2088
        usb_rx_rd                             208A
        receive_flag                          208C
        response_buffer_current_buffer_size   NOT NEEDED
        eUSCI_A0_ISR                          828C
        eUSCI_A1_ISR                          835A
        eUSCI_A1_ISR::??INTVEC 64             FFE2
        eUSCI_A0_ISR::??INTVEC 66             FFE4
        ?setjmp_save_r4                       NOT NEEDED
        ?setjmp_save_r5                       NOT NEEDED
        UCA0RXBUF                             050C
        UCA0RXBUF_H                           050D
        UCA0RXBUF_L                           050C
        UCA0TXBUF                             050E
        UCA0TXBUF_H                           050F
        UCA0TXBUF_L                           050E
        UCA0IE                                051A
        UCA0IE_H                              051B
        UCA0IE_L                              051A
        UCA0IV                                051E
        UCA0IV_H                              051F
        UCA0IV_L                              051E
        UCA1RXBUF                             058C
        UCA1RXBUF_H                           058D
        UCA1RXBUF_L                           058C
        UCA1TXBUF                             058E
        UCA1TXBUF_H                           058F
        UCA1TXBUF_L                           058E
        UCA1IE                                059A
        UCA1IE_H                              059B
        UCA1IE_L                              059A
        UCA1IV                                059E
        UCA1IV_H                              059F
        UCA1IV_L                              059E
switches_interrupts ( D:\Akshay\NCSU\4th year\Fall 2021\ECE 306\Project\KamalapuramSridhar_Akshay\Debug\Obj\switches_interrupts.r43 )
        _A_PAIE_L                             NOT NEEDED
        _A_PAIFG_L                            NOT NEEDED
        _A_PBIE_L                             NOT NEEDED
        _A_PBIFG_L                            NOT NEEDED
        _A_PCOUT_L                            NOT NEEDED
        sw1_pressed_interrupt                 208E
        sw2_pressed_interrupt                 2090
        sw2_pressed                           2092
        sw1_pressed                           2094
        prepare_display_flag                  2096
        switchP4_interrupt                    8400
        switchP2_interrupt                    841E
        switchP4_interrupt::??INTVEC 44       FFCE
        switchP2_interrupt::??INTVEC 48       FFD2
        ?setjmp_save_r4                       NOT NEEDED
        ?setjmp_save_r5                       NOT NEEDED
        PAIE                                  021A
        PAIE_H                                021B
        PAIE_L                                021A
        PAIFG                                 021C
        PAIFG_H                               021D
        PAIFG_L                               021C
        PBIE                                  023A
        PBIE_H                                023B
        PBIE_L                                023A
        PBIFG                                 023C
        PBIFG_H                               023D
        PBIFG_L                               023C
        PCOUT                                 0242
        PCOUT_H                               0243
        PCOUT_L                               0242
system ( D:\Akshay\NCSU\4th year\Fall 2021\ECE 306\Project\KamalapuramSridhar_Akshay\Debug\Obj\system.r43 )
        enable_interrupts                     9CDE
        ?setjmp_save_r4                       NOT NEEDED
        ?setjmp_save_r5                       NOT NEEDED
timers ( D:\Akshay\NCSU\4th year\Fall 2021\ECE 306\Project\KamalapuramSridhar_Akshay\Debug\Obj\timers.r43 )
        _A_TB0CTL_L                           0380
        _A_TB0CCTL0_L                         0382
        _A_TB0CCTL1_L                         0384
        _A_TB0CCTL2_L                         NOT NEEDED
        _A_TB0CCR0_L                          0392
        _A_TB0CCR1_L                          0394
        _A_TB0CCR2_L                          NOT NEEDED
        _A_TB0EX0_L                           03A0
        _A_TB1CTL_L                           03C0
        _A_TB1CCTL0_L                         03C2
        _A_TB1CCTL1_L                         03C4
        _A_TB1CCTL2_L                         03C6
        _A_TB1CCR0_L                          03D2
        _A_TB1CCR1_L                          03D4
        _A_TB1CCR2_L                          03D6
        _A_TB1EX0_L                           03E0
        _A_TB3CTL_L                           0440
        _A_TB3CCTL1_L                         0444
        _A_TB3CCTL2_L                         0446
        _A_TB3CCTL3_L                         0448
        _A_TB3CCTL4_L                         044A
        _A_TB3CCR0_L                          0452
        _A_TB3CCR1_L                          0454
        _A_TB3CCR2_L                          0456
        _A_TB3CCR3_L                          0458
        _A_TB3CCR4_L                          045A
        timer_flag                            2098
        Init_Timer_B0                         97FC
        Init_Timer_B1                         97B2
        Init_Timer_B3                         9910
        wait                                  9C9E
        ?setjmp_save_r4                       NOT NEEDED
        ?setjmp_save_r5                       NOT NEEDED
        TB0CTL                                0380
        TB0CTL_H                              0381
        TB0CTL_L                              0380
        TB0CCTL0                              0382
        TB0CCTL0_H                            0383
        TB0CCTL0_L                            0382
        TB0CCTL1                              0384
        TB0CCTL1_H                            0385
        TB0CCTL1_L                            0384
        TB0CCTL2                              0386
        TB0CCTL2_H                            0387
        TB0CCTL2_L                            0386
        TB0CCR0                               0392
        TB0CCR0_H                             0393
        TB0CCR0_L                             0392
        TB0CCR1                               0394
        TB0CCR1_H                             0395
        TB0CCR1_L                             0394
        TB0CCR2                               0396
        TB0CCR2_H                             0397
        TB0CCR2_L                             0396
        TB0EX0                                03A0
        TB0EX0_H                              03A1
        TB0EX0_L                              03A0
        TB1CTL                                03C0
        TB1CTL_H                              03C1
        TB1CTL_L                              03C0
        TB1CCTL0                              03C2
        TB1CCTL0_H                            03C3
        TB1CCTL0_L                            03C2
        TB1CCTL1                              03C4
        TB1CCTL1_H                            03C5
        TB1CCTL1_L                            03C4
        TB1CCTL2                              03C6
        TB1CCTL2_H                            03C7
        TB1CCTL2_L                            03C6
        TB1CCR0                               03D2
        TB1CCR0_H                             03D3
        TB1CCR0_L                             03D2
        TB1CCR1                               03D4
        TB1CCR1_H                             03D5
        TB1CCR1_L                             03D4
        TB1CCR2                               03D6
        TB1CCR2_H                             03D7
        TB1CCR2_L                             03D6
        TB1EX0                                03E0
        TB1EX0_H                              03E1
        TB1EX0_L                              03E0
        TB3CTL                                0440
        TB3CTL_H                              0441
        TB3CTL_L                              0440
        TB3CCTL1                              0444
        TB3CCTL1_H                            0445
        TB3CCTL1_L                            0444
        TB3CCTL2                              0446
        TB3CCTL2_H                            0447
        TB3CCTL2_L                            0446
        TB3CCTL3                              0448
        TB3CCTL3_H                            0449
        TB3CCTL3_L                            0448
        TB3CCTL4                              044A
        TB3CCTL4_H                            044B
        TB3CCTL4_L                            044A
        TB3CCR0                               0452
        TB3CCR0_H                             0453
        TB3CCR0_L                             0452
        TB3CCR1                               0454
        TB3CCR1_H                             0455
        TB3CCR1_L                             0454
        TB3CCR2                               0456
        TB3CCR2_H                             0457
        TB3CCR2_L                             0456
        TB3CCR3                               0458
        TB3CCR3_H                             0459
        TB3CCR3_L                             0458
        TB3CCR4                               045A
        TB3CCR4_H                             045B
        TB3CCR4_L                             045A
timers_interrupts ( D:\Akshay\NCSU\4th year\Fall 2021\ECE 306\Project\KamalapuramSridhar_Akshay\Debug\Obj\timers_interrupts.r43 )
        _A_ADCCTL0_L                          NOT NEEDED
        _A_PAOUT_L                            NOT NEEDED
        _A_PAIE_L                             NOT NEEDED
        _A_PBOUT_L                            NOT NEEDED
        _A_PBIE_L                             NOT NEEDED
        _A_TB0CCR0_L                          NOT NEEDED
        _A_TB0CCR1_L                          NOT NEEDED
        _A_TB0CCR2_L                          NOT NEEDED
        _A_TB0IV_L                            03AE
        _A_TB1CCR0_L                          NOT NEEDED
        _A_TB1CCR1_L                          NOT NEEDED
        _A_TB1IV_L                            03EE
        debounce_counter                      209A
        Movement_Timer_count                  209C
        counter_timer_count                   209E
        circle_timer_count                    20A0
        line_follower_timer_flag              20A2
        flag                                  20A4
        display_update_count                  20A6
        follow_flag                           20A8
        iot_ready                             20AA
        Timer0_B0_ISR                         843C
        TIMER0_B1_ISR                         8476
        Timer1_B0_ISR                         8508
        TIMER1_B1_ISR                         8580
        TIMER1_B1_ISR::??INTVEC 80            FFF2
        Timer1_B0_ISR::??INTVEC 82            FFF4
        TIMER0_B1_ISR::??INTVEC 84            FFF6
        Timer0_B0_ISR::??INTVEC 86            FFF8
        ?setjmp_save_r4                       NOT NEEDED
        ?setjmp_save_r5                       NOT NEEDED
        ADCCTL0                               0700
        ADCCTL0_H                             0701
        ADCCTL0_L                             0700
        PAOUT                                 0202
        PAOUT_H                               0203
        PAOUT_L                               0202
        PAIE                                  021A
        PAIE_H                                021B
        PAIE_L                                021A
        PBOUT                                 0222
        PBOUT_H                               0223
        PBOUT_L                               0222
        PBIE                                  023A
        PBIE_H                                023B
        PBIE_L                                023A
        TB0CCR0                               0392
        TB0CCR0_H                             0393
        TB0CCR0_L                             0392
        TB0CCR1                               0394
        TB0CCR1_H                             0395
        TB0CCR1_L                             0394
        TB0CCR2                               0396
        TB0CCR2_H                             0397
        TB0CCR2_L                             0396
        TB0IV                                 03AE
        TB0IV_H                               03AF
        TB0IV_L                               03AE
        TB1CCR0                               03D2
        TB1CCR0_H                             03D3
        TB1CCR0_L                             03D2
        TB1CCR1                               03D4
        TB1CCR1_H                             03D5
        TB1CCR1_L                             03D4
        TB1IV                                 03EE
        TB1IV_H                               03EF
        TB1IV_L                               03EE
wheels ( D:\Akshay\NCSU\4th year\Fall 2021\ECE 306\Project\KamalapuramSridhar_Akshay\Debug\Obj\wheels.r43 )
        _A_TB3CCR1_L                          NOT NEEDED
        _A_TB3CCR2_L                          NOT NEEDED
        _A_TB3CCR3_L                          NOT NEEDED
        _A_TB3CCR4_L                          NOT NEEDED
        movement                              96B0
        forward_timed                         9B38
        backward_timed                        9B7A
        turn_left_timed                       9B64
        turn_right_timed                      9B90
        turn_both                             9CB4
        stop_all_motors                       9C42
        move_forward                          9C64
        move_backward                         9CC8
        turn_left                             9CBE
        turn_right                            9CAA
        ?setjmp_save_r4                       NOT NEEDED
        ?setjmp_save_r5                       NOT NEEDED
        TB3CCR1                               0454
        TB3CCR1_H                             0455
        TB3CCR1_L                             0454
        TB3CCR2                               0456
        TB3CCR2_H                             0457
        TB3CCR2_L                             0456
        TB3CCR3                               0458
        TB3CCR3_H                             0459
        TB3CCR3_L                             0458
        TB3CCR4                               045A
        TB3CCR4_H                             045B
        TB3CCR4_L                             045A
?abort ( C:\Program Files (x86)\IAR Systems\Embedded Workbench 8.5\430\lib\dlib\dl430xlsfn.r43 )
        abort                                 NOT NEEDED
?__dbg_break ( C:\Program Files (x86)\IAR Systems\Embedded Workbench 8.5\430\lib\dlib\dl430xlsfn.r43 )
        __DebugBreak                          9CF0
?__dwrite ( C:\Program Files (x86)\IAR Systems\Embedded Workbench 8.5\430\lib\dlib\dl430xlsfn.r43 )
        __dwrite                              NOT NEEDED
?__exit ( C:\Program Files (x86)\IAR Systems\Embedded Workbench 8.5\430\lib\dlib\dl430xlsfn.r43 )
        __exit                                9BA6
?__write ( C:\Program Files (x86)\IAR Systems\Embedded Workbench 8.5\430\lib\dlib\dl430xlsfn.r43 )
        __write                               NOT NEEDED
?_exit ( C:\Program Files (x86)\IAR Systems\Embedded Workbench 8.5\430\lib\dlib\dl430xlsfn.r43 )
        _exit                                 9CEC
        __cstart_call_dtors                   NOT NEEDED
        __cstart_closeall                     NOT NEEDED
        __cstart_clearlocks                   NOT NEEDED
?cppinit ( C:\Program Files (x86)\IAR Systems\Embedded Workbench 8.5\430\lib\dlib\dl430xlsfn.r43 )
        __call_ctors                          NOT NEEDED
        __alloc_record_needed_destruction     NOT NEEDED
        __record_needed_destruction           NOT NEEDED
        __call_dtors                          NOT NEEDED
        __data16_vec_cctor                    NOT NEEDED
?cstart ( C:\Program Files (x86)\IAR Systems\Embedded Workbench 8.5\430\lib\dlib\dl430xlsfn.r43 )
        __program_start                       8172
        ?cstart_begin                         8172
        ?cstart_call_mpu_init                 NOT NEEDED
        ?cstart_call_frwp_init                NOT NEEDED
        ?cstart_call_low_level_init           NOT NEEDED
        ?cstart_init_copy_ramfunc             NOT NEEDED
        ?cstart_init_zero                     8176
        ?cstart_init_copy                     8182
        ?cstart_init_zero20                   NOT NEEDED
        ?cstart_init_copy20                   NOT NEEDED
        __cstart_init_tls                     NOT NEEDED
        ?cstart_call_ctors                    NOT NEEDED
        ?cstart_call_main                     8192
        ?cstart_end                           819A
lowinit ( C:\Program Files (x86)\IAR Systems\Embedded Workbench 8.5\430\lib\dlib\dl430xlsfn.r43 )
        __low_level_init                      NOT NEEDED
?reset_vector ( C:\Program Files (x86)\IAR Systems\Embedded Workbench 8.5\430\lib\dlib\dl430xlsfn.r43 )
        ?reset_vector                         FFFE
?exit ( C:\Program Files (x86)\IAR Systems\Embedded Workbench 8.5\430\lib\dlib\dl430xlsfn.r43 )
        exit                                  9CE4
?FrwpInit ( C:\Program Files (x86)\IAR Systems\Embedded Workbench 8.5\430\lib\dlib\dl430xlsfn.r43 )
        __iar_430_frwp_init                   NOT NEEDED
?malloc ( C:\Program Files (x86)\IAR Systems\Embedded Workbench 8.5\430\lib\dlib\dl430xlsfn.r43 )
        malloc                                NOT NEEDED
?DivMod816u ( C:\Program Files (x86)\IAR Systems\Embedded Workbench 8.5\430\lib\dlib\dl430xlsfn.r43 )
        ?DivMod8u                             NOT NEEDED
        ?DivMod16u                            9B20
?memcpy ( C:\Program Files (x86)\IAR Systems\Embedded Workbench 8.5\430\lib\dlib\dl430xlsfn.r43 )
        memcpy                                9C1E
?memmove ( C:\Program Files (x86)\IAR Systems\Embedded Workbench 8.5\430\lib\dlib\dl430xlsfn.r43 )
        memmove                               NOT NEEDED
?memzero ( C:\Program Files (x86)\IAR Systems\Embedded Workbench 8.5\430\lib\dlib\dl430xlsfn.r43 )
        __data16_memzero                      9C54
        __data16_memcpy                       9CE8
        __data16_memmove                      NOT NEEDED
?MpuInit ( C:\Program Files (x86)\IAR Systems\Embedded Workbench 8.5\430\lib\dlib\dl430xlsfn.r43 )
        __iar_430_mpu_init                    NOT NEEDED
        ?mpu1_4k_init                         NOT NEEDED
        ?mpu1_8k_init                         NOT NEEDED
        ?mpu1_16k_init                        NOT NEEDED
        ?mpu2_init                            NOT NEEDED
?setjmp ( C:\Program Files (x86)\IAR Systems\Embedded Workbench 8.5\430\lib\dlib\dl430xlsfn.r43 )
        setjmp                                NOT NEEDED
        ?setjmp_r5                            NOT NEEDED
        ?setjmp_r4                            NOT NEEDED
        ?setjmp_end                           NOT NEEDED
?longjmp ( C:\Program Files (x86)\IAR Systems\Embedded Workbench 8.5\430\lib\dlib\dl430xlsfn.r43 )
        longjmp                               NOT NEEDED
        ?longjmp_r5                           NOT NEEDED
        ?longjmp_r4                           NOT NEEDED
        ?longjmp_end                          NOT NEEDED
?IndCallR11 ( C:\Program Files (x86)\IAR Systems\Embedded Workbench 8.5\430\lib\dlib\dl430xlsfn.r43 )
        ?IndCallR11                           NOT NEEDED
?IndCallR15 ( C:\Program Files (x86)\IAR Systems\Embedded Workbench 8.5\430\lib\dlib\dl430xlsfn.r43 )
        ?IndCallR15                           NOT NEEDED
?strcpy ( C:\Program Files (x86)\IAR Systems\Embedded Workbench 8.5\430\lib\dlib\dl430xlsfn.r43 )
        strcpy                                9C74
?xcloseall ( C:\Program Files (x86)\IAR Systems\Embedded Workbench 8.5\430\lib\dlib\dl430xlsfn.r43 )
        _Close_all                            NOT NEEDED
?xgetmemchunk ( C:\Program Files (x86)\IAR Systems\Embedded Workbench 8.5\430\lib\dlib\dl430xlsfn.r43 )
        __data16_GetMemChunk                  NOT NEEDED
?xxmemxfree ( C:\Program Files (x86)\IAR Systems\Embedded Workbench 8.5\430\lib\dlib\dl430xlsfn.r43 )
        __data16_free                         NOT NEEDED
?xxmemxmalloc ( C:\Program Files (x86)\IAR Systems\Embedded Workbench 8.5\430\lib\dlib\dl430xlsfn.r43 )
        __data16_Aldata                       NOT NEEDED
        __data16_malloc                       NOT NEEDED
        __data16_findmem                       LOCAL, NOT NEEDED


                ****************************************
                *                                      *
                *            MODULE SUMMARY            *
                *                                      *
                ****************************************

Module                CODE      DATA      CONST
------                ----      ----      -----
                     (Rel)  (Rel)  (Abs)  (Rel)
?DivMod816u             24
?__dbg_break             2
?__exit                 20
?_exit                   4
?cstart                 40
?exit                    4
?memcpy                 18
?memzero                20
?reset_vector            2
?strcpy                 16
ADC                    110             6
  + shared                             4
LCD                    640     55     10
  + shared                             4
adc_interrupts         224     22      4
  + common              60
clocks                 320            18
  + shared                             2
dac                    100      2     10
  + shared                             4
dac_interrupts          18             2
  + common              54
display                888      8            99
init                    82
iot_commands         1 436    531           159
  + shared                             2
led
  + shared                             4
line_follower          728     16            77
main                   140      8            33
ports                  740            24
  + shared                             8
serial                 188            12
  + shared                             2
serial_interrupts      372     86     12
  + common              68
switches_interrupts     60     10
  + common              50
system                   6
timers                 224      2     32
  + shared                            16
timers_interrupts      362     18      4
  + common              88
wheels                 254
N/A (command line)            160
N/A (alignment)
----------           -----    ---    ---    ---
Total:               7 042    918    180    368
  + common              88


                ****************************************
                *                                      *
                *      SEGMENTS IN ADDRESS ORDER       *
                *                                      *
                ****************************************


SEGMENT              SPACE    START ADDRESS   END ADDRESS     SIZE  TYPE  ALIGN
=======              =====    =============   ===========     ====  ====  =====
DATA16_AN                              0102 - 0103               2   rel    0
                                       0130 - 0131               2 
                                       0180 - 018B               C 
                                       018E - 018F               2 
                                       01CC - 01CD               2 
                                       0202 - 0207               6 
                                       020A - 020D               4 
                                       0218 - 021D               6 
                                       0222 - 0227               6 
                                       022A - 022D               4 
                                       0236 - 023D               8 
                                       0242 - 0245               4 
                                       024A - 024D               4 
                                       0380 - 0387               8 
                                       0392 - 0397               6 
                                       03A0 - 03A1               2 
                                       03AE - 03AF               2 
                                       03C0 - 03C7               8 
                                       03D2 - 03D7               6 
                                       03E0 - 03E1               2 
                                       03EE - 03EF               2 
                                       0440 - 0441               2 
                                       0444 - 044B               8 
                                       0452 - 045B               A 
                                       0500 - 0501               2 
                                       0506 - 0509               4 
                                       050C - 050F               4 
                                       051A - 051B               2 
                                       051E - 051F               2 
                                       0580 - 0581               2 
                                       0586 - 0589               4 
                                       058C - 058F               4 
                                       059A - 059B               2 
                                       059E - 059F               2 
                                       05C0 - 05C1               2 
                                       05C6 - 05C7               2 
                                       05CC - 05CF               4 
                                       05EC - 05ED               2 
                                       0700 - 0705               6 
                                       070A - 070B               2 
                                       0712 - 0713               2 
                                       071A - 071B               2 
                                       071E - 071F               2 
                                       0C8A - 0C8B               2 
                                       0CB0 - 0CB7               8 
DATA16_I                               2000 - 2030              31   rel    1
DATA16_Z                               2032 - 22F6             2C5   rel    1
DATA20_I                                  22F8                       rel    1
CODE_I                                    22F8                       rel    1
DATA20_Z                                  22F8                       rel    1
DATA20_N                                  22F8                       rel    1
CSTACK                                 2F60 - 2FFF              A0   rel    1
DATA16_C                               8000 - 813E             13F   rel    0
DATA16_ID                              8140 - 8170              31   rel    1
DATA20_ID                                 8172                       rel    1
DATA20_C                                  8172                       rel    1
CSTART                                 8172 - 8199              28   rel    1
ISR_CODE                               819A - 85A5             40C   rel    1
CODE_ID                                   85A6                       rel    1
<CODE> 1                               85A6 - 9CF1            174C   rel    1
INTVEC                                 FFA2 - FFF9              58   com    1
RESET                                  FFFE - FFFF               2   rel    1

                ****************************************
                *                                      *
                *        END OF CROSS REFERENCE        *
                *                                      *
                ****************************************

 7 130 bytes of CODE  memory
   918 bytes of DATA  memory (+ 180 absolute )
   368 bytes of CONST memory

Errors: none
Warnings: 23

